<!doctype html>
<html lang="en">

<head>
  <!-- Required meta tags -->
  <meta charset="utf-8">
  <meta name="viewport" content="width=device-width, initial-scale=1, shrink-to-fit=no">

  <!-- Bootstrap CSS -->
  <link rel="stylesheet" type="text/css" href="css/fontawesome-all.min.css">
  <link rel="stylesheet" type="text/css" href="css/bootstrap.min.css">
  <link rel="stylesheet" type="text/css" href="css/animate.css">
  <link rel="stylesheet" type="text/css" href="css/main.css">
  <link rel="icon" 
      type="images/logo.png" 
      href="http://example.com/myicon.png">
  <link href="https://fonts.googleapis.com/css?family=Fredoka+One" rel="stylesheet">
  <link href="https://fonts.googleapis.com/css?family=Montserrat" rel="stylesheet">
  <title>Bootstrap Test Title</title>
</head>

<body>
  <section id="cover">
    <div class="container">
      <div class="row">
        <nav class="navbar navbar-expand-lg navbar-light fixed-top">
          <a class="navbar-brand" href="#"><img id="logoImage" src="images/logo.png" class="d-inline-block align-top "
              alt="Golden Website"></a>
          <button class="navbar-toggler" type="button" data-toggle="collapse" data-target="#navbarNav" aria-controls="navbarNav"
            aria-expanded="false" aria-label="Toggle navigation">
            <span class="navbar-toggler-icon"></span>
          </button>

          <div class="collapse navbar-collapse justify-content-around" id="navbarNav">
            <ul class="navbar-nav">
              <li class="nav-item"><a href="#cover" class="nav-link text-uppercase">Home</a></li>
              <li class="nav-item"><a href="#service" class="nav-link text-uppercase">Services</a></li>
              <li class="nav-item"><a href="#portfolio" class="nav-link text-uppercase">Portfolio</a></li>
              <li class="nav-item"><a href="#aboutus" class="nav-link text-uppercase">About</a></li>
              <li class="nav-item"><a href="#contact" class="nav-link text-uppercase">CONTACT</a></li>
            </ul>
          </div>
        </nav>
        <div class="row text-center">
          <div class="col-md-12">
            <h1>Welcome to Our Sports Center</h1>
          </div>
          <div class="col-md-12">
            <h2>NICE TO MEET YOU</h2>
          </div>
          <div class="col-md-12">
            <a href="#"><button type="button" class="btn btn-primary btn-lg">CLICK FOR MORE</button> </a>
          </div>
        </div>
      </div>
    </div>
  </section>
  <section id="service">
    <div class="container">
      <div class="service-top text-center wow fadeInUp" data-wow-duration="2s">
        <h3>SERVICES</h3>
        <p>Here are our services</p>
      </div>
      <div class="service-content text-center">
        <div class="row">
          <div class="col-md-4 wow fadeInLeft" data-wow-duration="2s">
            <div class="item-circle">
              <i class="fas fa-swimmer fa-4x"></i>
            </div>
            <h4>Swimming</h4>
            <p>Maecenas bibendum lorem vitae turpis ullamcorper laoreet. Proin semper dictum risus in porta. In hac
              habitasse platea dictumst. Duis tincidunt, purus tortor fringilla orci, sit amet maximus urna velit eu
              urna.</p>
          </div>
          <div class="col-md-4 wow fadeInUp" data-wow-duration="2s">
            <div class="item-circle">
              <i class="fas fa-basketball-ball fa-4x"></i>
            </div>
            <h4>Basketball</h4>
            <p>Maecenas bibendum lorem vitae turpis ullamcorper laoreet. Proin semper dictum risus in porta. In hac
              habitasse platea dictumst. Duis tincidunt, purus tortor fringilla orci, sit amet maximus urna velit eu
              urna.</p>
          </div>
          <div class="col-md-4 wow fadeInRight" data-wow-duration="2s">
            <div class="item-circle">
              <i class="fas fa-futbol fa-4x"></i>
            </div>
            <h4>Football</h4>
            <p>Maecenas bibendum lorem vitae turpis ullamcorper laoreet. Proin semper dictum risus in porta. In hac
              habitasse platea dictumst. Duis tincidunt, purus tortor fringilla orci, sit amet maximus urna velit eu
              urna.</p>
          </div>
        </div>
      </div>

    </div>
  </section>
  <section id="portfolio">
    <div class="container">
      <div class="portfolio-top text-center">
        <h3>OUR PORTFOLIO</h3>
        <p>Here are our portfolios</p>
      </div>
      <div class="portfolio-content text-center">
        <div class="row">
          <div class="col-md-4">
            <div class="card">
              <img src="images/product1.jpg" alt="Product1">
              <div class="card-block">
                <h4 class="card-title">Product1</h4>
                <p class="card-subtitle text-muted">Product1</p>
              </div>
            </div>
          </div>
          <div class="col-md-4">
            <div class="card">
              <img src="images/product2.jpg" alt="Product2">
              <div class="card-block">
                <h4 class="card-title">Product2</h4>
                <p class="card-subtitle text-muted">Product2</p>
              </div>
            </div>
          </div>
          <div class="col-md-4">
            <div class="card">
              <img src="images/product3.jpg" alt="Product3">
              <div class="card-block">
                <h4 class="card-title">Product3</h4>
                <p class="card-subtitle text-muted">Product3</p>
              </div>
            </div>
          </div>
        </div>
        <div class="row">
          <div class="col-md-4">
            <div class="card">
              <img src="images/product4.jpg" alt="Product4">
              <div class="card-block">
                <h4 class="card-title">Product4</h4>
                <p class="card-subtitle text-muted">Product4</p>
              </div>
            </div>
          </div>
          <div class="col-md-4">
            <div class="card">
              <img src="images/product5.jpg" alt="Product5">
              <div class="card-block">
                <h4 class="card-title">Product5</h4>
                <p class="card-subtitle text-muted">Product5</p>
              </div>
            </div>
          </div>
          <div class="col-md-4">
            <div class="card">
              <img src="images/product6.jpg" alt="Product6">
              <div class="card-block">
                <h4 class="card-title">Product6</h4>
                <p class="card-subtitle text-muted">Product6</p>
              </div>
            </div>
          </div>
        </div>
      </div>
  </section>
  <section id="aboutus">
    <div class="container">
      <div class="aboutus-top text-center">
        <h3>ABOUT US</h3>
        <p>Information about us</p>
      </div>
      <div class="aboutus-content">
        <div class="row">
          <div class="col-md-4 text-right">
            <h4>January 2017</h4>
            <h4>January</h4>
            <p>Lorem ipsum dolor sit amet, consectetur adipiscing elit. Proin non lectus id metus blandit efficitur
              vitae eu
              eros.
              Sed eget nunc tempor, convallis ligula non, vulputate ligula.</p>
          </div>
          <div class="col-md-4 text-center d-none d-sm-none d-md-block">
            <img src="images/january.jpg" class="image-circle ">
          </div>
        </div>
        <div class="row">
          <div class="col-md-4 offset-sm-4  text-center d-none d-sm-none d-md-block">
            <img src="images/april.jpg" class="image-circle">
          </div>
          <div class="col-md-4">
            <h4>April 2017</h4>
            <h4>April</h4>
            <p>Lorem ipsum dolor sit amet, consectetur adipiscing elit. Proin non lectus id metus blandit efficitur
              vitae eu
              eros.
              Sed eget nunc tempor, convallis ligula non, vulputate ligula.</p>
          </div>
        </div>
        <div class="row">
          <div class="col-md-4 text-right">
            <h4>July 2017</h4>
            <h4>July</h4>
            <p>Lorem ipsum dolor sit amet, consectetur adipiscing elit. Proin non lectus id metus blandit efficitur
              vitae eu
              eros.
              Sed eget nunc tempor, convallis ligula non, vulputate ligula.</p>
          </div>
          <div class="col-md-4 text-center d-none d-sm-none d-md-block">
            <img src="images/july.jpg" class="image-circle">
          </div>
        </div>
        <div class="row">
          <div class="col-md-4 offset-sm-4  text-center d-none d-sm-none d-md-block">
            <img src="images/september.jpg" class="image-circle">
          </div>
          <div class="col-md-4">
            <h4>September 2017</h4>
            <h4>September</h4>
            <p>Lorem ipsum dolor sit amet, consectetur adipiscing elit. Proin non lectus id metus blandit efficitur
              vitae eu
              eros.
              Sed eget nunc tempor, convallis ligula non, vulputate ligula.</p>
          </div>
        </div>
        <div class="row">
          <div class="col-md-4 text-right">
            <h4>November 2017</h4>
            <h4>November</h4>
            <p>Lorem ipsum dolor sit amet, consectetur adipiscing elit. Proin non lectus id metus blandit efficitur
              vitae eu
              eros.
              Sed eget nunc tempor, convallis ligula non, vulputate ligula.</p>
          </div>
          <div class="col-md-4 text-center d-none d-sm-none d-md-block">
            <img src="images/november.jpg" class="image-circle">
          </div>
        </div>
        <div class="row">
          <div class="col-md-4 offset-sm-4 d-none d-sm-none d-md-block">
            <div class="about-circle">
              <p class="yellow-text text-center">OUR <br>
                STORY<br>
                CONTINUES<br>
                ...<br></p>
            </div>
          </div>
        </div>
      </div>
    </div>
  </section>
  <section id="team">
    <div class="container">
        <div class="team-top text-center">
          <h3>OUR AMAZING TEAM</h3>
          <p>Padfa xcsa hkgjdv hgsfa.</p>
        </div>
        <div class="team-content">
            <div class="row">
              <div class="col-md-4 text-center">
                <div class="team-circle"></div>
                <h4>John Black</h4>
                <h5>Swimming Trainer</h5>
                <ul class="social-icons">
                    <li class="social-icon">
                        <i class="fab fa-twitter"></i>
                        <li class="social-icon">
                          <i class="fab fa-facebook-f"></i>
                        </li>
                      </li>
                    <li class="social-icon">
                        <i class="fab fa-pinterest"></i>
                    </li>
                </ul>  
              </div>
              <div class="col-md-4 text-center">
                  <div class="team-circle"></div>
                  <h4>Jim Ukic</h4>
                  <h5>Basketball Trainer</h5>
                  <ul class="social-icons">
                      <li class="social-icon">
                          <i class="fab fa-twitter"></i>
                      </li>
                      <li class="social-icon">
                          <i class="fab fa-facebook-f"></i>
                      </li>
                      <li class="social-icon">
                          <i class="fab fa-pinterest"></i>
                      </li>
                  </ul>  
                </div>
                <div class="col-md-4 text-center">
                    <div class="team-circle"></div>
                    <h4>Mike Dutti</h4>
                    <h5>Football Trainer</h5>
                    <ul class="social-icons">
                        <li class="social-icon">
                            <i class="fab fa-twitter"></i>
                        </li>
                        <li class="social-icon">
                            <i class="fab fa-pinterest"></i>
                        </li>
                    </ul>  
                  </div>
              
            </div>
            <div class="row">
              <p>Proin condimentum, lorem a auctor lacinia, nisl mauris sollicitudin lectus, eget rutrum dolor augue sed mi. Pellentesque sed leo in tellus hendrerit tempor quis sit amet lorem. </p>
            </div>
        </div>
    </div>
  </section>
  <section id="partner">
    <div class="container">
      <div class="row text-center">
        <div class="col-md-3">
          <img src="images/partnerDataberry.jpg" alt="Car Wash" class="img-fluid">
        </div>
        <div class="col-md-3">
          <img src="images/partnerImmanuel.jpg" alt="Car Wash" class="img-fluid">
        </div>
        <div class="col-md-3">
          <img src="images/partnerMovers.jpg" alt="Car Wash" class="img-fluid">
        </div>
        <div class="col-md-3">
          <img src="images/partnerRocketGolf.jpg" alt="Car Wash" class="img-fluid">
        </div>
      </div>
    </div>
  </section>
  <section id="contact">
    <div class="container">
        <div class="contact-top text-center">
            <h3>CONTACT US</h3>
            <p>Praf hlaha jphsry hgayb.</p>
        </div>
        <div class="contact-content">
          <form role="form" method="post" class="golden-form">
            <div class="row">
              <div class="col-md-6">
                <div class="form-element">
                  <input type="text" class="golden-form-element" id="name" name="name" placeholder="YOUR NAME*">
                </div>
                <div class="form-element">
                  <input type="email" class="golden-form-element" id="email" name="email" placeholder="YOUR E-MAIL*">
                </div>
                <div class="form-element">
                  <input type="text" class="golden-form-element" id="subject" name="subject" placeholder="SUBJECT">
                </div>
              </div>
              <div class="col-md-6">
                <div class="form-element">
                  <textarea name="message" id="message" class="golden-form-element" placeholder="YOUR MESSAGE*"></textarea>
                </div>
              </div>
            </div>
            <div class="row justify-content-center">
              <div class="form-element">
                <input type="submit" class="btn btn-primary btn-lg" id="submit" name="submit" value="SEND MESSAGE">
              </div>
            </div>
          </form>
        </div>
    </div>
  </section>
  <section id="footer">
    <div class="container">
      <div class="row">
        <div class="col-md-4">
          <p>&copy; Copyright 2019 ugunay</p>
        </div>
        <div class="col-md-4">
          <ul class="company-social-icons text-center">
            <li class="company-social-icon">
              <i class="fab fa-twitter"></i>
            </li>
            <li class="company-social-icon">
              <i class="fab fa-facebook-f"></i>
            </li>
            <li class="company-social-icon">
              <i class="fab fa-pinterest"></i>
            </li>
            <li class="company-social-icon">
              <i class="fab fa-google-plus"></i>
            </li>
          </ul>
        </div>
      </div>
    </div>
  </section>
  <!-- Optional JavaScript -->
  <!-- jQuery first, then Popper.js, then Bootstrap JS -->
  <script src="js/jquery-3-3-1.min.js"></script>
  <script src="js/bootstrap.bundle.min.js"></script>
  <script src="js/wow.min.js"></script>
  <script>
    new WOW().init();
  </script>
  <script src="js/main.js"></script>
</body>

</html>